// Vitest Snapshot v1, https://vitest.dev/guide/snapshot.html

exports[`Filter packages 1`] = `
{
  code: 0,
  err: ,
  out: Filter plugins by name=Surge XT
┌─────────────────────────┬──────────┬─────────┬───────────┬────────────┬─────────┬───────────────────────────────┐
│ Id                      │ Name     │ Version │ Installed │ Date       │ License │ Tags                          │
├─────────────────────────┼──────────┼─────────┼───────────┼────────────┼─────────┼───────────────────────────────┤
│ surge-synthesizer/surge │ Surge XT │ 1.3.4   │ -         │ 2024-08-11 │ gpl-3.0 │ Instrument, Synth, Modulation │
└─────────────────────────┴──────────┴─────────┴───────────┴────────────┴─────────┴───────────────────────────────┘,
}
`;

exports[`Filter packages 2`] = `
{
  code: 0,
  err: ,
  out: Filter plugins by name=Surge XU
No results found,
}
`;

exports[`Filter packages 3`] = `
{
  code: 0,
  err: ,
  out: Filter plugins by license=cc0-1.0
┌────────────────────────────────────────┬──────────────────────────┬─────────┬───────────┬────────────┬─────────┬───────────────────────────────────┐
│ Id                                     │ Name                     │ Version │ Installed │ Date       │ License │ Tags                              │
├────────────────────────────────────────┼──────────────────────────┼─────────┼───────────┼────────────┼─────────┼───────────────────────────────────┤
│ sfzinstruments/virtuosity_drums        │ Virtuosity Drums         │ 0.9.24  │ -         │ 2022-09-21 │ cc0-1.0 │ Instrument, Drums, Jazz, sfz      │
├────────────────────────────────────────┼──────────────────────────┼─────────┼───────────┼────────────┼─────────┼───────────────────────────────────┤
│ sfzinstruments/hungarian-zither        │ Hungarian Zither         │ 1.0.1   │ -         │ 2022-09-28 │ cc0-1.0 │ Instrument, Strings, Classical... │
├────────────────────────────────────────┼──────────────────────────┼─────────┼───────────┼────────────┼─────────┼───────────────────────────────────┤
│ sfzinstruments/horse-pulse             │ Horse Pulse              │ 1.0.0   │ -         │ 2022-04-01 │ cc0-1.0 │ Instrument, String, Pluck, sfz    │
├────────────────────────────────────────┼──────────────────────────┼─────────┼───────────┼────────────┼─────────┼───────────────────────────────────┤
│ sfzinstruments/double-bass             │ Double Bass              │ 1.0.1   │ -         │ 2022-09-04 │ cc0-1.0 │ Instrument, String, Bass, sfz     │
├────────────────────────────────────────┼──────────────────────────┼─────────┼───────────┼────────────┼─────────┼───────────────────────────────────┤
│ sfzinstruments/black-and-green-guitars │ Black and Green Guitars  │ 1.0.0   │ -         │ 2022-08-08 │ cc0-1.0 │ Instrument, Guitar, Electric, ... │
├────────────────────────────────────────┼──────────────────────────┼─────────┼───────────┼────────────┼─────────┼───────────────────────────────────┤
│ sfzinstruments/bear-sax                │ Bear Sax                 │ 1.0.4   │ -         │ 2021-09-11 │ cc0-1.0 │ Instrument, Brass, Saxophone, ... │
├────────────────────────────────────────┼──────────────────────────┼─────────┼───────────┼────────────┼─────────┼───────────────────────────────────┤
│ michael02022/basic-harmonica           │ Basic Harmonica          │ 1.0.0   │ -         │ 2022-10-07 │ cc0-1.0 │ Instrument, Wind, Harmonica, O... │
├────────────────────────────────────────┼──────────────────────────┼─────────┼───────────┼────────────┼─────────┼───────────────────────────────────┤
│ freepats/upright-piano-kw              │ Upright Piano KW         │ 1.0.0   │ -         │ 2022-02-21 │ cc0-1.0 │ Instrument, Keys, Piano, sfz      │
├────────────────────────────────────────┼──────────────────────────┼─────────┼───────────┼────────────┼─────────┼───────────────────────────────────┤
│ freepats/synthesizer-percussion        │ Synthesizer Percussion   │ 1.0.0   │ -         │ 2022-07-18 │ cc0-1.0 │ Instrument, Drums, Electro, sf... │
├────────────────────────────────────────┼──────────────────────────┼─────────┼───────────┼────────────┼─────────┼───────────────────────────────────┤
│ freepats/spanish-classical-guitar      │ Spanish Classical Guitar │ 1.0.0   │ -         │ 2019-06-18 │ cc0-1.0 │ Instrument, Guitar, Classical,... │
├────────────────────────────────────────┼──────────────────────────┼─────────┼───────────┼────────────┼─────────┼───────────────────────────────────┤
│ freepats/hang-d-minor                  │ Hang D Minor             │ 1.0.0   │ -         │ 2022-03-30 │ cc0-1.0 │ Instrument, Orchestra, Hang, s... │
├────────────────────────────────────────┼──────────────────────────┼─────────┼───────────┼────────────┼─────────┼───────────────────────────────────┤
│ freepats/glasses-of-water              │ Glasses Of Water         │ 1.0.0   │ -         │ 2019-12-27 │ cc0-1.0 │ Instrument, Orchestra, Glass, ... │
└────────────────────────────────────────┴──────────────────────────┴─────────┴───────────┴────────────┴─────────┴───────────────────────────────────┘,
}
`;
