// Vitest Snapshot v1, https://vitest.dev/guide/snapshot.html

exports[`Install package 1`] = `
Install surge-synthesizer/surge
Installed surge-synthesizer/surge
`;

exports[`Install package 2`] = `
Install surge-synthesizer/surge@1.3.1
Installed surge-synthesizer/surge@1.3.1
`;

exports[`Install package 3`] = `
Install surge-synthesizer/surge@0.0.0
Package surge-synthesizer/surge version 0.0.0 not found in registry
`;
