// Vitest Snapshot v1, https://vitest.dev/guide/snapshot.html

exports[`List packages 1`] = `
"[90m┌───────────────────────────────────────────[39m[90m┬───────────────────────────[39m[90m┬─────────[39m[90m┬────────────[39m[90m┬──────────────[39m[90m┬───────────────────────────────────┐[39m
[90m│[39m[31m Id                                        [39m[90m│[39m[31m Name                      [39m[90m│[39m[31m Version [39m[90m│[39m[31m Date       [39m[90m│[39m[31m License      [39m[90m│[39m[31m Tags                              [39m[90m│[39m
[90m├───────────────────────────────────────────[39m[90m┼───────────────────────────[39m[90m┼─────────[39m[90m┼────────────[39m[90m┼──────────────[39m[90m┼───────────────────────────────────┤[39m
[90m│[39m wolf-plugins/wolf-spectrum                [90m│[39m Wolf Spectrum             [90m│[39m 1.0.0   [90m│[39m 2019-04-14 [90m│[39m gpl-3.0      [90m│[39m Effect, Spectrogram, Frequency    [90m│[39m
[90m├───────────────────────────────────────────[39m[90m┼───────────────────────────[39m[90m┼─────────[39m[90m┼────────────[39m[90m┼──────────────[39m[90m┼───────────────────────────────────┤[39m
[90m│[39m wolf-plugins/wolf-shaper                  [90m│[39m Wolf Shaper               [90m│[39m 1.0.2   [90m│[39m 2023-05-14 [90m│[39m gpl-3.0      [90m│[39m Effect, Distortion, Editor        [90m│[39m
[90m├───────────────────────────────────────────[39m[90m┼───────────────────────────[39m[90m┼─────────[39m[90m┼────────────[39m[90m┼──────────────[39m[90m┼───────────────────────────────────┤[39m
[90m│[39m utokusa/os-251                            [90m│[39m OS-251                    [90m│[39m 1.2.1   [90m│[39m 2022-07-25 [90m│[39m gpl-3.0      [90m│[39m Instrument, Synth, Lo-fi          [90m│[39m
[90m├───────────────────────────────────────────[39m[90m┼───────────────────────────[39m[90m┼─────────[39m[90m┼────────────[39m[90m┼──────────────[39m[90m┼───────────────────────────────────┤[39m
[90m│[39m tote-bag-labs/valentine                   [90m│[39m Valentine                 [90m│[39m 1.0.1   [90m│[39m 2024-04-27 [90m│[39m gpl-3.0      [90m│[39m Effect, Compressor, Distortion    [90m│[39m
[90m├───────────────────────────────────────────[39m[90m┼───────────────────────────[39m[90m┼─────────[39m[90m┼────────────[39m[90m┼──────────────[39m[90m┼───────────────────────────────────┤[39m
[90m│[39m tobanteaudio/modeq                        [90m│[39m modEQ                     [90m│[39m 0.4.0   [90m│[39m 2019-05-17 [90m│[39m gpl-3.0      [90m│[39m Effect, EQ, Modulation            [90m│[39m
[90m├───────────────────────────────────────────[39m[90m┼───────────────────────────[39m[90m┼─────────[39m[90m┼────────────[39m[90m┼──────────────[39m[90m┼───────────────────────────────────┤[39m
[90m│[39m thewavewarden/odin                        [90m│[39m Odin                      [90m│[39m 2.3.4   [90m│[39m 2020-11-09 [90m│[39m gpl-3.0      [90m│[39m Instrument, Synth, Moog           [90m│[39m
[90m├───────────────────────────────────────────[39m[90m┼───────────────────────────[39m[90m┼─────────[39m[90m┼────────────[39m[90m┼──────────────[39m[90m┼───────────────────────────────────┤[39m
[90m│[39m the-synister/synister                     [90m│[39m Synister                  [90m│[39m 1.0.3   [90m│[39m 2016-03-19 [90m│[39m gpl-3.0      [90m│[39m Instrument, Synth, Modulation     [90m│[39m
[90m├───────────────────────────────────────────[39m[90m┼───────────────────────────[39m[90m┼─────────[39m[90m┼────────────[39m[90m┼──────────────[39m[90m┼───────────────────────────────────┤[39m
[90m│[39m tesselode/mika-micro                      [90m│[39m Mika Micro                [90m│[39m 2.0.1   [90m│[39m 2018-05-17 [90m│[39m mit          [90m│[39m Instrument, Synth, Oscillators    [90m│[39m
[90m├───────────────────────────────────────────[39m[90m┼───────────────────────────[39m[90m┼─────────[39m[90m┼────────────[39m[90m┼──────────────[39m[90m┼───────────────────────────────────┤[39m
[90m│[39m tesselode/flutterbird                     [90m│[39m Flutterbird               [90m│[39m 1.0.1   [90m│[39m 2018-09-06 [90m│[39m mit          [90m│[39m Effect, Pitch, Modulation         [90m│[39m
[90m├───────────────────────────────────────────[39m[90m┼───────────────────────────[39m[90m┼─────────[39m[90m┼────────────[39m[90m┼──────────────[39m[90m┼───────────────────────────────────┤[39m
[90m│[39m tesselode/cocoa-delay                     [90m│[39m Cocoa Delay               [90m│[39m 1.0.0   [90m│[39m 2018-09-01 [90m│[39m mit          [90m│[39m Effect, Delay, Warm               [90m│[39m
[90m├───────────────────────────────────────────[39m[90m┼───────────────────────────[39m[90m┼─────────[39m[90m┼────────────[39m[90m┼──────────────[39m[90m┼───────────────────────────────────┤[39m
[90m│[39m surge-synthesizer/surge                   [90m│[39m Surge XT                  [90m│[39m 1.3.4   [90m│[39m 2024-08-11 [90m│[39m gpl-3.0      [90m│[39m Instrument, Synth, Modulation     [90m│[39m
[90m├───────────────────────────────────────────[39m[90m┼───────────────────────────[39m[90m┼─────────[39m[90m┼────────────[39m[90m┼──────────────[39m[90m┼───────────────────────────────────┤[39m
[90m│[39m surge-synthesizer/monique-monosynth       [90m│[39m Monique                   [90m│[39m 1.2.0   [90m│[39m 2021-12-13 [90m│[39m gpl-3.0      [90m│[39m Instrument, Synth, Bass, Lead     [90m│[39m
[90m├───────────────────────────────────────────[39m[90m┼───────────────────────────[39m[90m┼─────────[39m[90m┼────────────[39m[90m┼──────────────[39m[90m┼───────────────────────────────────┤[39m
[90m│[39m studiorack/avl-percussions                [90m│[39m AVL Percussions           [90m│[39m 1.1.0   [90m│[39m 2022-02-21 [90m│[39m cc-by-sa-4.0 [90m│[39m Instrument, Drums, Percussions... [90m│[39m
[90m├───────────────────────────────────────────[39m[90m┼───────────────────────────[39m[90m┼─────────[39m[90m┼────────────[39m[90m┼──────────────[39m[90m┼───────────────────────────────────┤[39m
[90m│[39m studiorack/avl-drumkits                   [90m│[39m AVL Drumkits              [90m│[39m 1.1.0   [90m│[39m 2022-02-20 [90m│[39m cc-by-sa-4.0 [90m│[39m Instrument, Drums, sfz            [90m│[39m
[90m├───────────────────────────────────────────[39m[90m┼───────────────────────────[39m[90m┼─────────[39m[90m┼────────────[39m[90m┼──────────────[39m[90m┼───────────────────────────────────┤[39m
[90m│[39m sfztools/sfizz                            [90m│[39m Sfizz                     [90m│[39m 1.2.3   [90m│[39m 2024-01-14 [90m│[39m bsd-2-clause [90m│[39m Instrument, Sampler, Synth        [90m│[39m
[90m├───────────────────────────────────────────[39m[90m┼───────────────────────────[39m[90m┼─────────[39m[90m┼────────────[39m[90m┼──────────────[39m[90m┼───────────────────────────────────┤[39m
[90m│[39m sfzinstruments/war-tuba                   [90m│[39m War Tuba                  [90m│[39m 1.0.2   [90m│[39m 2022-11-04 [90m│[39m cc-by-4.0    [90m│[39m Instrument, Brass, Tuba, sfz      [90m│[39m
[90m├───────────────────────────────────────────[39m[90m┼───────────────────────────[39m[90m┼─────────[39m[90m┼────────────[39m[90m┼──────────────[39m[90m┼───────────────────────────────────┤[39m
[90m│[39m sfzinstruments/virtuosity_drums           [90m│[39m Virtuosity Drums          [90m│[39m 0.9.24  [90m│[39m 2022-09-21 [90m│[39m cc0-1.0      [90m│[39m Instrument, Drums, Jazz, sfz      [90m│[39m
[90m├───────────────────────────────────────────[39m[90m┼───────────────────────────[39m[90m┼─────────[39m[90m┼────────────[39m[90m┼──────────────[39m[90m┼───────────────────────────────────┤[39m
[90m│[39m sfzinstruments/splendidgrandpiano         [90m│[39m Splendid Grand Piano      [90m│[39m 1.0.0   [90m│[39m 2022-01-02 [90m│[39m bsd-2-clause [90m│[39m Instrument, Keys, Piano, sfz      [90m│[39m
[90m├───────────────────────────────────────────[39m[90m┼───────────────────────────[39m[90m┼─────────[39m[90m┼────────────[39m[90m┼──────────────[39m[90m┼───────────────────────────────────┤[39m
[90m│[39m sfzinstruments/samssonor                  [90m│[39m Sam's Sonor               [90m│[39m 1.0.0   [90m│[39m 2022-08-28 [90m│[39m cc-by-sa-4.0 [90m│[39m Instrument, Drums, Kit, sfz       [90m│[39m
[90m├───────────────────────────────────────────[39m[90m┼───────────────────────────[39m[90m┼─────────[39m[90m┼────────────[39m[90m┼──────────────[39m[90m┼───────────────────────────────────┤[39m
[90m│[39m sfzinstruments/salamandergrandpiano       [90m│[39m Salamander Grand Piano    [90m│[39m 1.0.0   [90m│[39m 2022-01-02 [90m│[39m cc-by-4.0    [90m│[39m Instrument, Piano, Yamaha, sfz    [90m│[39m
[90m├───────────────────────────────────────────[39m[90m┼───────────────────────────[39m[90m┼─────────[39m[90m┼────────────[39m[90m┼──────────────[39m[90m┼───────────────────────────────────┤[39m
[90m│[39m sfzinstruments/nakeddrums                 [90m│[39m Naked Drums               [90m│[39m 1.0.0   [90m│[39m 2021-11-08 [90m│[39m cc-by-4.0    [90m│[39m Instrument, Drums, sfz            [90m│[39m
[90m├───────────────────────────────────────────[39m[90m┼───────────────────────────[39m[90m┼─────────[39m[90m┼────────────[39m[90m┼──────────────[39m[90m┼───────────────────────────────────┤[39m
[90m│[39m sfzinstruments/jsteeldrum                 [90m│[39m jSteelDrum                [90m│[39m 1.0.0   [90m│[39m 2022-09-23 [90m│[39m unlicense    [90m│[39m Instrument, Steel, Drum, Orche... [90m│[39m
[90m├───────────────────────────────────────────[39m[90m┼───────────────────────────[39m[90m┼─────────[39m[90m┼────────────[39m[90m┼──────────────[39m[90m┼───────────────────────────────────┤[39m
[90m│[39m sfzinstruments/jrhodes3c                  [90m│[39m jRhodes3c                 [90m│[39m 1.0.0   [90m│[39m 2023-07-04 [90m│[39m cc-by-sa-4.0 [90m│[39m Instrument, Keys, Rhodes, sfz     [90m│[39m
[90m├───────────────────────────────────────────[39m[90m┼───────────────────────────[39m[90m┼─────────[39m[90m┼────────────[39m[90m┼──────────────[39m[90m┼───────────────────────────────────┤[39m
[90m│[39m sfzinstruments/hungarian-zither           [90m│[39m Hungarian Zither          [90m│[39m 1.0.1   [90m│[39m 2022-09-28 [90m│[39m cc0-1.0      [90m│[39m Instrument, Strings, Classical... [90m│[39m
[90m├───────────────────────────────────────────[39m[90m┼───────────────────────────[39m[90m┼─────────[39m[90m┼────────────[39m[90m┼──────────────[39m[90m┼───────────────────────────────────┤[39m
[90m│[39m sfzinstruments/horse-pulse                [90m│[39m Horse Pulse               [90m│[39m 1.0.0   [90m│[39m 2022-04-01 [90m│[39m cc0-1.0      [90m│[39m Instrument, String, Pluck, sfz    [90m│[39m
[90m├───────────────────────────────────────────[39m[90m┼───────────────────────────[39m[90m┼─────────[39m[90m┼────────────[39m[90m┼──────────────[39m[90m┼───────────────────────────────────┤[39m
[90m│[39m sfzinstruments/double-bass                [90m│[39m Double Bass               [90m│[39m 1.0.1   [90m│[39m 2022-09-04 [90m│[39m cc0-1.0      [90m│[39m Instrument, String, Bass, sfz     [90m│[39m
[90m├───────────────────────────────────────────[39m[90m┼───────────────────────────[39m[90m┼─────────[39m[90m┼────────────[39m[90m┼──────────────[39m[90m┼───────────────────────────────────┤[39m
[90m│[39m sfzinstruments/black-and-green-guitars    [90m│[39m Black and Green Guitars   [90m│[39m 1.0.0   [90m│[39m 2022-08-08 [90m│[39m cc0-1.0      [90m│[39m Instrument, Guitar, Electric, ... [90m│[39m
[90m├───────────────────────────────────────────[39m[90m┼───────────────────────────[39m[90m┼─────────[39m[90m┼────────────[39m[90m┼──────────────[39m[90m┼───────────────────────────────────┤[39m
[90m│[39m sfzinstruments/bear-sax                   [90m│[39m Bear Sax                  [90m│[39m 1.0.4   [90m│[39m 2021-09-11 [90m│[39m cc0-1.0      [90m│[39m Instrument, Brass, Saxophone, ... [90m│[39m
[90m├───────────────────────────────────────────[39m[90m┼───────────────────────────[39m[90m┼─────────[39m[90m┼────────────[39m[90m┼──────────────[39m[90m┼───────────────────────────────────┤[39m
[90m│[39m sdatkinson/neural-amp-modeler             [90m│[39m Neural Amp Modeler        [90m│[39m 0.7.12  [90m│[39m 2024-12-02 [90m│[39m mit          [90m│[39m Amp, Emulation, Noise Gate        [90m│[39m
[90m├───────────────────────────────────────────[39m[90m┼───────────────────────────[39m[90m┼─────────[39m[90m┼────────────[39m[90m┼──────────────[39m[90m┼───────────────────────────────────┤[39m
[90m│[39m resonantdsp/swankyamp                     [90m│[39m Swanky Amp                [90m│[39m 1.4.0   [90m│[39m 2021-04-21 [90m│[39m gpl-3.0      [90m│[39m Effect, Amplifier, Tube           [90m│[39m
[90m├───────────────────────────────────────────[39m[90m┼───────────────────────────[39m[90m┼─────────[39m[90m┼────────────[39m[90m┼──────────────[39m[90m┼───────────────────────────────────┤[39m
[90m│[39m reales/opl                                [90m│[39m OPL                       [90m│[39m 2.4.0   [90m│[39m 2024-08-08 [90m│[39m gpl-3.0      [90m│[39m Instrument, Synth, FM             [90m│[39m
[90m├───────────────────────────────────────────[39m[90m┼───────────────────────────[39m[90m┼─────────[39m[90m┼────────────[39m[90m┼──────────────[39m[90m┼───────────────────────────────────┤[39m
[90m│[39m reales/ob-xd                              [90m│[39m OB-Xd                     [90m│[39m 3.5.0   [90m│[39m 2021-05-30 [90m│[39m gpl-3.0      [90m│[39m Instrument, Synth, OB-X           [90m│[39m
[90m├───────────────────────────────────────────[39m[90m┼───────────────────────────[39m[90m┼─────────[39m[90m┼────────────[39m[90m┼──────────────[39m[90m┼───────────────────────────────────┤[39m
[90m│[39m pentagrampro/owlbass                      [90m│[39m OwlBass                   [90m│[39m 1.0.0   [90m│[39m 2019-01-13 [90m│[39m gpl-3.0      [90m│[39m Instrument, Synth, Bass           [90m│[39m
[90m├───────────────────────────────────────────[39m[90m┼───────────────────────────[39m[90m┼─────────[39m[90m┼────────────[39m[90m┼──────────────[39m[90m┼───────────────────────────────────┤[39m
[90m│[39m paynebc/tunefish                          [90m│[39m Tunefish                  [90m│[39m 4.2.0   [90m│[39m 2018-05-04 [90m│[39m gpl-3.0      [90m│[39m Instrument, Synth, Analog         [90m│[39m
[90m├───────────────────────────────────────────[39m[90m┼───────────────────────────[39m[90m┼─────────[39m[90m┼────────────[39m[90m┼──────────────[39m[90m┼───────────────────────────────────┤[39m
[90m│[39m open-soundfonts/virtual-playing-orchestra [90m│[39m Virtual Playing Orchestra [90m│[39m 3.3.2   [90m│[39m 2020-10-17 [90m│[39m gpl-3.0      [90m│[39m Instrument, Orchestral, String... [90m│[39m
[90m├───────────────────────────────────────────[39m[90m┼───────────────────────────[39m[90m┼─────────[39m[90m┼────────────[39m[90m┼──────────────[39m[90m┼───────────────────────────────────┤[39m
[90m│[39m mzuther/squeezer                          [90m│[39m Squeezer                  [90m│[39m 2.5.4   [90m│[39m 2020-04-17 [90m│[39m gpl-3.0      [90m│[39m Effect, Compressor                [90m│[39m
[90m├───────────────────────────────────────────[39m[90m┼───────────────────────────[39m[90m┼─────────[39m[90m┼────────────[39m[90m┼──────────────[39m[90m┼───────────────────────────────────┤[39m
[90m│[39m mtytel/helm                               [90m│[39m Helm                      [90m│[39m 0.9.0   [90m│[39m 2017-07-08 [90m│[39m gpl-3.0      [90m│[39m Instrument, Synth, Modulation     [90m│[39m
[90m├───────────────────────────────────────────[39m[90m┼───────────────────────────[39m[90m┼─────────[39m[90m┼────────────[39m[90m┼──────────────[39m[90m┼───────────────────────────────────┤[39m
[90m│[39m mikemorenodsp/ep-mk1                      [90m│[39m EP-MK1                    [90m│[39m 2.4.0   [90m│[39m 2020-09-28 [90m│[39m gpl-3.0      [90m│[39m Instrument, Synth, Electric, P... [90m│[39m
[90m├───────────────────────────────────────────[39m[90m┼───────────────────────────[39m[90m┼─────────[39m[90m┼────────────[39m[90m┼──────────────[39m[90m┼───────────────────────────────────┤[39m
[90m│[39m midilab/jc303                             [90m│[39m jc303                     [90m│[39m 0.11.1  [90m│[39m 2024-09-11 [90m│[39m gpl-3.0      [90m│[39m Instrument, Bass, Synthesizer     [90m│[39m
[90m├───────────────────────────────────────────[39m[90m┼───────────────────────────[39m[90m┼─────────[39m[90m┼────────────[39m[90m┼──────────────[39m[90m┼───────────────────────────────────┤[39m
[90m│[39m michaelwillis/dragonfly-reverb            [90m│[39m Dragonfly Reverb          [90m│[39m 3.2.10  [90m│[39m 2023-04-22 [90m│[39m gpl-3.0      [90m│[39m Effect, Reverb, Plate             [90m│[39m
[90m├───────────────────────────────────────────[39m[90m┼───────────────────────────[39m[90m┼─────────[39m[90m┼────────────[39m[90m┼──────────────[39m[90m┼───────────────────────────────────┤[39m
[90m│[39m michael02022/basic-harmonica              [90m│[39m Basic Harmonica           [90m│[39m 1.0.0   [90m│[39m 2022-10-07 [90m│[39m cc0-1.0      [90m│[39m Instrument, Wind, Harmonica, O... [90m│[39m
[90m├───────────────────────────────────────────[39m[90m┼───────────────────────────[39m[90m┼─────────[39m[90m┼────────────[39m[90m┼──────────────[39m[90m┼───────────────────────────────────┤[39m
[90m│[39m michael-jan/key-repeat                    [90m│[39m Key Repeat                [90m│[39m 1.0.0   [90m│[39m 2020-01-07 [90m│[39m gpl-3.0      [90m│[39m Instrument, Samplers, Repeat      [90m│[39m
[90m├───────────────────────────────────────────[39m[90m┼───────────────────────────[39m[90m┼─────────[39m[90m┼────────────[39m[90m┼──────────────[39m[90m┼───────────────────────────────────┤[39m
[90m│[39m martineastwood/mverb                      [90m│[39m Mverb                     [90m│[39m 1.0.0   [90m│[39m 2013-03-25 [90m│[39m gpl-3.0      [90m│[39m Effect, Reverb                    [90m│[39m
[90m├───────────────────────────────────────────[39m[90m┼───────────────────────────[39m[90m┼─────────[39m[90m┼────────────[39m[90m┼──────────────[39m[90m┼───────────────────────────────────┤[39m
[90m│[39m khrykin/blackbird                         [90m│[39m BlackBird                 [90m│[39m 0.1.0   [90m│[39m 2020-11-11 [90m│[39m gpl-3.0      [90m│[39m Instrument, Synth, Analog         [90m│[39m
[90m├───────────────────────────────────────────[39m[90m┼───────────────────────────[39m[90m┼─────────[39m[90m┼────────────[39m[90m┼──────────────[39m[90m┼───────────────────────────────────┤[39m
[90m│[39m keijiro/vst2413                           [90m│[39m VST2413                   [90m│[39m 1.0.2   [90m│[39m 2013-04-21 [90m│[39m zlib         [90m│[39m Instrument, Synth, Bit            [90m│[39m
[90m├───────────────────────────────────────────[39m[90m┼───────────────────────────[39m[90m┼─────────[39m[90m┼────────────[39m[90m┼──────────────[39m[90m┼───────────────────────────────────┤[39m
[90m│[39m jpcima/opnplug                            [90m│[39m OPNplug                   [90m│[39m 1.0.2   [90m│[39m 2020-08-05 [90m│[39m bsl-1.0      [90m│[39m Instrument, Synth, FM             [90m│[39m
[90m├───────────────────────────────────────────[39m[90m┼───────────────────────────[39m[90m┼─────────[39m[90m┼────────────[39m[90m┼──────────────[39m[90m┼───────────────────────────────────┤[39m
[90m│[39m jpcima/adlplug                            [90m│[39m ADLplug                   [90m│[39m 1.0.2   [90m│[39m 2020-08-05 [90m│[39m bsl-1.0      [90m│[39m Instrument, Synth, FM             [90m│[39m
[90m├───────────────────────────────────────────[39m[90m┼───────────────────────────[39m[90m┼─────────[39m[90m┼────────────[39m[90m┼──────────────[39m[90m┼───────────────────────────────────┤[39m
[90m│[39m joepvanlier/ysfx                          [90m│[39m ysfx                      [90m│[39m 0.0.33  [90m│[39m 2025-02-09 [90m│[39m gpl-3.0      [90m│[39m Instrument, Synth, JSFX           [90m│[39m
[90m├───────────────────────────────────────────[39m[90m┼───────────────────────────[39m[90m┼─────────[39m[90m┼────────────[39m[90m┼──────────────[39m[90m┼───────────────────────────────────┤[39m
[90m│[39m igorski/regrader                          [90m│[39m Regrader                  [90m│[39m 1.0.5   [90m│[39m 2024-03-16 [90m│[39m mit          [90m│[39m Effect, Delay, Sync               [90m│[39m
[90m├───────────────────────────────────────────[39m[90m┼───────────────────────────[39m[90m┼─────────[39m[90m┼────────────[39m[90m┼──────────────[39m[90m┼───────────────────────────────────┤[39m
[90m│[39m igorski/fogpad                            [90m│[39m FogPad                    [90m│[39m 1.0.3   [90m│[39m 2024-03-16 [90m│[39m mit          [90m│[39m Effect, Pitch Shifter, Reverb     [90m│[39m
[90m├───────────────────────────────────────────[39m[90m┼───────────────────────────[39m[90m┼─────────[39m[90m┼────────────[39m[90m┼──────────────[39m[90m┼───────────────────────────────────┤[39m
[90m│[39m guitarml/smartguitaramp                   [90m│[39m SmartGuitarAmp            [90m│[39m 1.3.0   [90m│[39m 2022-08-31 [90m│[39m apache-2.0   [90m│[39m Effect, Guitar, Amp               [90m│[39m
[90m├───────────────────────────────────────────[39m[90m┼───────────────────────────[39m[90m┼─────────[39m[90m┼────────────[39m[90m┼──────────────[39m[90m┼───────────────────────────────────┤[39m
[90m│[39m greatest-ape/octasine                     [90m│[39m OctaSine                  [90m│[39m 0.9.1   [90m│[39m 2024-07-03 [90m│[39m agpl-3.0     [90m│[39m Instrument, Synth, Modulation     [90m│[39m
[90m├───────────────────────────────────────────[39m[90m┼───────────────────────────[39m[90m┼─────────[39m[90m┼────────────[39m[90m┼──────────────[39m[90m┼───────────────────────────────────┤[39m
[90m│[39m freepats/upright-piano-kw                 [90m│[39m Upright Piano KW          [90m│[39m 1.0.0   [90m│[39m 2022-02-21 [90m│[39m cc0-1.0      [90m│[39m Instrument, Keys, Piano, sfz      [90m│[39m
[90m├───────────────────────────────────────────[39m[90m┼───────────────────────────[39m[90m┼─────────[39m[90m┼────────────[39m[90m┼──────────────[39m[90m┼───────────────────────────────────┤[39m
[90m│[39m freepats/synthesizer-percussion           [90m│[39m Synthesizer Percussion    [90m│[39m 1.0.0   [90m│[39m 2022-07-18 [90m│[39m cc0-1.0      [90m│[39m Instrument, Drums, Electro, sf... [90m│[39m
[90m├───────────────────────────────────────────[39m[90m┼───────────────────────────[39m[90m┼─────────[39m[90m┼────────────[39m[90m┼──────────────[39m[90m┼───────────────────────────────────┤[39m
[90m│[39m freepats/spanish-classical-guitar         [90m│[39m Spanish Classical Guitar  [90m│[39m 1.0.0   [90m│[39m 2019-06-18 [90m│[39m cc0-1.0      [90m│[39m Instrument, Guitar, Classical,... [90m│[39m
[90m├───────────────────────────────────────────[39m[90m┼───────────────────────────[39m[90m┼─────────[39m[90m┼────────────[39m[90m┼──────────────[39m[90m┼───────────────────────────────────┤[39m
[90m│[39m freepats/hang-d-minor                     [90m│[39m Hang D Minor              [90m│[39m 1.0.0   [90m│[39m 2022-03-30 [90m│[39m cc0-1.0      [90m│[39m Instrument, Orchestra, Hang, s... [90m│[39m
[90m├───────────────────────────────────────────[39m[90m┼───────────────────────────[39m[90m┼─────────[39m[90m┼────────────[39m[90m┼──────────────[39m[90m┼───────────────────────────────────┤[39m
[90m│[39m freepats/glasses-of-water                 [90m│[39m Glasses Of Water          [90m│[39m 1.0.0   [90m│[39m 2019-12-27 [90m│[39m cc0-1.0      [90m│[39m Instrument, Orchestra, Glass, ... [90m│[39m
[90m├───────────────────────────────────────────[39m[90m┼───────────────────────────[39m[90m┼─────────[39m[90m┼────────────[39m[90m┼──────────────[39m[90m┼───────────────────────────────────┤[39m
[90m│[39m falktx/carla                              [90m│[39m Carla                     [90m│[39m 2.5.9   [90m│[39m 2024-09-22 [90m│[39m gpl-3.0      [90m│[39m Host, Player, Automation          [90m│[39m
[90m├───────────────────────────────────────────[39m[90m┼───────────────────────────[39m[90m┼─────────[39m[90m┼────────────[39m[90m┼──────────────[39m[90m┼───────────────────────────────────┤[39m
[90m│[39m endolith/salamander-drumkit               [90m│[39m Salamander Drumkit        [90m│[39m 1.0.0   [90m│[39m 2012-02-25 [90m│[39m cc-by-sa-4.0 [90m│[39m Instrument, Drums, sfz            [90m│[39m
[90m├───────────────────────────────────────────[39m[90m┼───────────────────────────[39m[90m┼─────────[39m[90m┼────────────[39m[90m┼──────────────[39m[90m┼───────────────────────────────────┤[39m
[90m│[39m dropsnorz/wobbleizer                      [90m│[39m Wobbleizer                [90m│[39m 2.3.2   [90m│[39m 2012-02-25 [90m│[39m mit          [90m│[39m Effect, Filter, LFO               [90m│[39m
[90m├───────────────────────────────────────────[39m[90m┼───────────────────────────[39m[90m┼─────────[39m[90m┼────────────[39m[90m┼──────────────[39m[90m┼───────────────────────────────────┤[39m
[90m│[39m distrho/dpf-plugins                       [90m│[39m DPF Plugins               [90m│[39m 1.7.0   [90m│[39m 2023-04-15 [90m│[39m gpl-3.0      [90m│[39m Effect, Delay, Feedback, Rever... [90m│[39m
[90m├───────────────────────────────────────────[39m[90m┼───────────────────────────[39m[90m┼─────────[39m[90m┼────────────[39m[90m┼──────────────[39m[90m┼───────────────────────────────────┤[39m
[90m│[39m clearly-broken-software/ninjas2           [90m│[39m Ninjas 2                  [90m│[39m 0.2.0   [90m│[39m 2020-01-17 [90m│[39m gpl-3.0      [90m│[39m Instrument, Sampler, Slicer       [90m│[39m
[90m├───────────────────────────────────────────[39m[90m┼───────────────────────────[39m[90m┼─────────[39m[90m┼────────────[39m[90m┼──────────────[39m[90m┼───────────────────────────────────┤[39m
[90m│[39m clearly-broken-software/drops             [90m│[39m Drops                     [90m│[39m 1.0.0   [90m│[39m 2022-01-15 [90m│[39m gpl-3.0      [90m│[39m Instrument, Sampler, Filter       [90m│[39m
[90m├───────────────────────────────────────────[39m[90m┼───────────────────────────[39m[90m┼─────────[39m[90m┼────────────[39m[90m┼──────────────[39m[90m┼───────────────────────────────────┤[39m
[90m│[39m chowdhury-dsp/chowtapemodel               [90m│[39m Chow Tape Model           [90m│[39m 2.11.4  [90m│[39m 2023-11-05 [90m│[39m gpl-3.0      [90m│[39m Effect, Filter, Tape              [90m│[39m
[90m├───────────────────────────────────────────[39m[90m┼───────────────────────────[39m[90m┼─────────[39m[90m┼────────────[39m[90m┼──────────────[39m[90m┼───────────────────────────────────┤[39m
[90m│[39m chowdhury-dsp/chowmatrix                  [90m│[39m CHOW Matrix               [90m│[39m 1.3.0   [90m│[39m 2021-12-21 [90m│[39m bsd-3-clause [90m│[39m Effect, Delay, Feedback           [90m│[39m
[90m├───────────────────────────────────────────[39m[90m┼───────────────────────────[39m[90m┼─────────[39m[90m┼────────────[39m[90m┼──────────────[39m[90m┼───────────────────────────────────┤[39m
[90m│[39m chowdhury-dsp/chow                        [90m│[39m CHOW                      [90m│[39m 1.0.0   [90m│[39m 2019-01-11 [90m│[39m gpl-3.0      [90m│[39m Effect, Distortion, Noise         [90m│[39m
[90m├───────────────────────────────────────────[39m[90m┼───────────────────────────[39m[90m┼─────────[39m[90m┼────────────[39m[90m┼──────────────[39m[90m┼───────────────────────────────────┤[39m
[90m│[39m birch-san/juicysfplugin                   [90m│[39m JuicySFplugin             [90m│[39m 3.1.0   [90m│[39m 2022-02-13 [90m│[39m gpl-3.0      [90m│[39m Instrument, Sampler, Synth        [90m│[39m
[90m├───────────────────────────────────────────[39m[90m┼───────────────────────────[39m[90m┼─────────[39m[90m┼────────────[39m[90m┼──────────────[39m[90m┼───────────────────────────────────┤[39m
[90m│[39m audioplugins/iempluginsuite               [90m│[39m IEM Plugin Suite          [90m│[39m 1.14.1  [90m│[39m 2023-02-23 [90m│[39m gpl-3.0      [90m│[39m Effect, Reverb, Delay             [90m│[39m
[90m├───────────────────────────────────────────[39m[90m┼───────────────────────────[39m[90m┼─────────[39m[90m┼────────────[39m[90m┼──────────────[39m[90m┼───────────────────────────────────┤[39m
[90m│[39m asb2m10/dexed                             [90m│[39m Dexed                     [90m│[39m 0.9.8   [90m│[39m 2024-10-08 [90m│[39m gpl-3.0      [90m│[39m Instrument, Synth, FM             [90m│[39m
[90m├───────────────────────────────────────────[39m[90m┼───────────────────────────[39m[90m┼─────────[39m[90m┼────────────[39m[90m┼──────────────[39m[90m┼───────────────────────────────────┤[39m
[90m│[39m artfwo/andes                              [90m│[39m Andes                     [90m│[39m 0.2.0   [90m│[39m 2018-06-01 [90m│[39m gpl-3.0      [90m│[39m Instrument, Synth, Oscillator     [90m│[39m
[90m├───────────────────────────────────────────[39m[90m┼───────────────────────────[39m[90m┼─────────[39m[90m┼────────────[39m[90m┼──────────────[39m[90m┼───────────────────────────────────┤[39m
[90m│[39m ardura/subhoofer                          [90m│[39m Subhoofer                 [90m│[39m 2.2.2   [90m│[39m 2024-08-02 [90m│[39m gpl-3.0      [90m│[39m Effect, Distortion                [90m│[39m
[90m├───────────────────────────────────────────[39m[90m┼───────────────────────────[39m[90m┼─────────[39m[90m┼────────────[39m[90m┼──────────────[39m[90m┼───────────────────────────────────┤[39m
[90m│[39m ardura/scrollscope                        [90m│[39m Scrollscope               [90m│[39m 1.4.1   [90m│[39m 2024-07-12 [90m│[39m gpl-3.0      [90m│[39m Effect, Analysis                  [90m│[39m
[90m├───────────────────────────────────────────[39m[90m┼───────────────────────────[39m[90m┼─────────[39m[90m┼────────────[39m[90m┼──────────────[39m[90m┼───────────────────────────────────┤[39m
[90m│[39m ardura/interleaf                          [90m│[39m Interleaf                 [90m│[39m 1.0.0   [90m│[39m 2024-07-12 [90m│[39m gpl-3.0      [90m│[39m Effect, EQ                        [90m│[39m
[90m├───────────────────────────────────────────[39m[90m┼───────────────────────────[39m[90m┼─────────[39m[90m┼────────────[39m[90m┼──────────────[39m[90m┼───────────────────────────────────┤[39m
[90m│[39m ardura/gladedesk                          [90m│[39m Glade Desk                [90m│[39m 1.0.0   [90m│[39m 2024-07-19 [90m│[39m gpl-3.0      [90m│[39m Effect, Console, Emulation        [90m│[39m
[90m├───────────────────────────────────────────[39m[90m┼───────────────────────────[39m[90m┼─────────[39m[90m┼────────────[39m[90m┼──────────────[39m[90m┼───────────────────────────────────┤[39m
[90m│[39m ardura/actuate                            [90m│[39m Actuate                   [90m│[39m 1.3.5   [90m│[39m 2024-07-12 [90m│[39m gpl-3.0      [90m│[39m Instrument, Synth, Sampler        [90m│[39m
[90m├───────────────────────────────────────────[39m[90m┼───────────────────────────[39m[90m┼─────────[39m[90m┼────────────[39m[90m┼──────────────[39m[90m┼───────────────────────────────────┤[39m
[90m│[39m antonok-edm/ampli-fe                      [90m│[39m ampli-Fe                  [90m│[39m 0.1.1   [90m│[39m 2021-11-02 [90m│[39m mit          [90m│[39m Effect, Amplifier, Volume         [90m│[39m
[90m├───────────────────────────────────────────[39m[90m┼───────────────────────────[39m[90m┼─────────[39m[90m┼────────────[39m[90m┼──────────────[39m[90m┼───────────────────────────────────┤[39m
[90m│[39m airwindows/airwindows                     [90m│[39m Airwindows                [90m│[39m 1.0.0   [90m│[39m 2020-02-20 [90m│[39m mit          [90m│[39m Effect, Chorus, Distortion, EQ... [90m│[39m
[90m├───────────────────────────────────────────[39m[90m┼───────────────────────────[39m[90m┼─────────[39m[90m┼────────────[39m[90m┼──────────────[39m[90m┼───────────────────────────────────┤[39m
[90m│[39m aaronaanderson/terrain                    [90m│[39m Terrain                   [90m│[39m 1.2.2   [90m│[39m 2024-11-01 [90m│[39m gpl-3.0      [90m│[39m Instrument, Synthesizer, Wavet... [90m│[39m
[90m└───────────────────────────────────────────[39m[90m┴───────────────────────────[39m[90m┴─────────[39m[90m┴────────────[39m[90m┴──────────────[39m[90m┴───────────────────────────────────┘[39m"
`;
