// Vitest Snapshot v1, https://vitest.dev/guide/snapshot.html

exports[`Open command help 1`] = `
Usage: index apps open [options] <input> [options...]

Open a package by slug/version

Options:
  -l, --log   Enable logging
  -h, --help  display help for command
`;

exports[`Open command install and run steinberg/validator > Open command install and run steinberg/validator mac 1`] = `

VST 3.6.14 Plug-in Validator:
-help           | Print help
-version        | Print version
-l              | Use local instance per test
-suite          | [name] Only run a special test suite
-e              | Run extensive tests [may take a long time]
-q              | Only print errors
-test-component | [path] Path to an additional component which includes custom tests
-list           | Show all installed Plug-Ins
-snapshots      | List snapshots from all installed Plug-Ins

Usage: vstvalidator [options] vst3module

`;

exports[`Open command install and run steinberg/validator 1`] = `

VST 3.6.14 Plug-in Validator:
-help           | Print help
-version        | Print version
-l              | Use local instance per test
-suite          | [name] Only run a special test suite
-e              | Run extensive tests [may take a long time]
-q              | Only print errors
-test-component | [path] Path to an additional component which includes custom tests
-list           | Show all installed Plug-Ins
-snapshots      | List snapshots from all installed Plug-Ins

Usage: vstvalidator [options] vst3module

`;

exports[`Open command with non-existent package 1`] = `Package non-existent/package not found`;
