// Vitest Snapshot v1, https://vitest.dev/guide/snapshot.html

exports[`Uninstall package 1`] = `
┌─────────────────────────┬──────────┬─────────┬────────────┬─────────┬───────────────────────────────┐
│ Id                      │ Name     │ Version │ Date       │ License │ Tags                          │
├─────────────────────────┼──────────┼─────────┼────────────┼─────────┼───────────────────────────────┤
│ surge-synthesizer/surge │ Surge XT │ 1.3.4   │ 2024-08-11 │ gpl-3.0 │ Instrument, Synth, Modulation │
└─────────────────────────┴──────────┴─────────┴────────────┴─────────┴───────────────────────────────┘
`;

exports[`Uninstall package 2`] = `
┌─────────────────────────┬──────────┬─────────┬────────────┬─────────┬───────────────────────────────┐
│ Id                      │ Name     │ Version │ Date       │ License │ Tags                          │
├─────────────────────────┼──────────┼─────────┼────────────┼─────────┼───────────────────────────────┤
│ surge-synthesizer/surge │ Surge XT │ 1.3.4   │ 2024-08-11 │ gpl-3.0 │ Instrument, Synth, Modulation │
└─────────────────────────┴──────────┴─────────┴────────────┴─────────┴───────────────────────────────┘
`;
